test 1d type-1:
one mode: rel err in F[370] is 6.13e-13
dirft1d: rel l2-err of result F is 1.66e-12
test 1d type-2:
one targ: rel err in c[500] is 7.3e-13
dirft1d: rel l2-err of result c is 1.64e-12
test 1d type-3:
one targ: rel err in F[500] is 2.26e-12
dirft1d: rel l2-err of result F is 2.27e-12
